W1009 19:41:06.434000 14466 site-packages/torch/distributed/elastic/multiprocessing/redirects.py:29] NOTE: Redirects are currently not supported in Windows or MacOs.

*****************************************
Setting OMP_NUM_THREADS environment variable for each process to be 1 in default, to avoid your system being overloaded, please further tune the variable for optimal performance in your application as needed. 
*****************************************
W1009 19:41:11.006000 14471 site-packages/torch/distributed/elastic/multiprocessing/redirects.py:29] NOTE: Redirects are currently not supported in Windows or MacOs.
W1009 19:41:11.006000 14470 site-packages/torch/distributed/elastic/multiprocessing/redirects.py:29] NOTE: Redirects are currently not supported in Windows or MacOs.
[rank1]:[W1009 19:41:11.053517000 reducer.cpp:1438] Warning: find_unused_parameters=True was specified in DDP constructor, but did not find any unused parameters in the forward pass. This flag results in an extra traversal of the autograd graph every iteration,  which can adversely affect performance. If your model indeed never has any unused parameters in the forward pass, consider turning this flag off. Note that this warning may be a false positive if your model has flow control causing later iterations to have unused parameters. (function operator())
[rank0]:[W1009 19:41:11.053518000 reducer.cpp:1438] Warning: find_unused_parameters=True was specified in DDP constructor, but did not find any unused parameters in the forward pass. This flag results in an extra traversal of the autograd graph every iteration,  which can adversely affect performance. If your model indeed never has any unused parameters in the forward pass, consider turning this flag off. Note that this warning may be a false positive if your model has flow control causing later iterations to have unused parameters. (function operator())
{'train_runtime': '0.0095', 'train_samples_per_second': '419.8', 'train_steps_per_second': '104.9', 'train_loss': '0.5', 'epoch': '1'}
{'train_runtime': '0.0049', 'train_samples_per_second': '405.8', 'train_steps_per_second': '202.9', 'train_loss': '0.1', 'epoch': '1'}
{'train_runtime': '0.0081', 'train_samples_per_second': '492.6', 'train_steps_per_second': '123.1', 'train_loss': '0.1', 'epoch': '1'}
{'train_runtime': '0.0049', 'train_samples_per_second': '406.7', 'train_steps_per_second': '203.3', 'train_loss': '0.1', 'epoch': '1'}
{'train_runtime': '0.0078', 'train_samples_per_second': '509.8', 'train_steps_per_second': '127.5', 'train_loss': '1', 'epoch': '1'}
{'train_runtime': '0.0047', 'train_samples_per_second': '421.8', 'train_steps_per_second': '210.9', 'train_loss': '1', 'epoch': '1'}
{'train_runtime': '0.0081', 'train_samples_per_second': '493.8', 'train_steps_per_second': '123.4', 'train_loss': '1', 'epoch': '1'}
{'train_runtime': '0.0047', 'train_samples_per_second': '426', 'train_steps_per_second': '213', 'train_loss': '1', 'epoch': '1'}
W1009 19:41:53.081000 14466 site-packages/torch/distributed/elastic/agent/server/api.py:725] Received 2 death signal, shutting down workers
W1009 19:41:53.085000 14466 site-packages/torch/distributed/elastic/multiprocessing/api.py:908] Sending process 14470 closing signal SIGINT
W1009 19:41:53.086000 14466 site-packages/torch/distributed/elastic/multiprocessing/api.py:908] Sending process 14471 closing signal SIGINT
W1009 19:42:10.162000 14466 site-packages/torch/distributed/elastic/multiprocessing/api.py:908] Sending process 14470 closing signal SIGTERM
Traceback (most recent call last):
  File "/opt/homebrew/Caskroom/miniforge/base/lib/python3.12/site-packages/torch/distributed/elastic/agent/server/api.py", line 717, in run
    result = self._invoke_run(role)
             ^^^^^^^^^^^^^^^^^^^^^^
  File "/opt/homebrew/Caskroom/miniforge/base/lib/python3.12/site-packages/torch/distributed/elastic/agent/server/api.py", line 881, in _invoke_run
    time.sleep(monitor_interval)
  File "/opt/homebrew/Caskroom/miniforge/base/lib/python3.12/site-packages/torch/distributed/elastic/multiprocessing/api.py", line 85, in _terminate_process_handler
    raise SignalException(f"Process {os.getpid()} got signal: {sigval}", sigval=sigval)
torch.distributed.elastic.multiprocessing.api.SignalException: Process 14466 got signal: 2

During handling of the above exception, another exception occurred:

Traceback (most recent call last):
  File "/opt/homebrew/Caskroom/miniforge/base/lib/python3.12/site-packages/torch/distributed/elastic/agent/server/api.py", line 726, in run
    self._shutdown(e.sigval)
  File "/opt/homebrew/Caskroom/miniforge/base/lib/python3.12/site-packages/torch/distributed/elastic/agent/server/local_elastic_agent.py", line 369, in _shutdown
    self._pcontext.close(death_sig)
  File "/opt/homebrew/Caskroom/miniforge/base/lib/python3.12/site-packages/torch/distributed/elastic/multiprocessing/api.py", line 578, in close
    self._close(death_sig=death_sig, timeout=timeout)
  File "/opt/homebrew/Caskroom/miniforge/base/lib/python3.12/site-packages/torch/distributed/elastic/multiprocessing/api.py", line 920, in _close
    handler.proc.wait(time_to_wait)
  File "/opt/homebrew/Caskroom/miniforge/base/lib/python3.12/subprocess.py", line 1264, in wait
    return self._wait(timeout=timeout)
           ^^^^^^^^^^^^^^^^^^^^^^^^^^^
  File "/opt/homebrew/Caskroom/miniforge/base/lib/python3.12/subprocess.py", line 2047, in _wait
    time.sleep(delay)
  File "/opt/homebrew/Caskroom/miniforge/base/lib/python3.12/site-packages/torch/distributed/elastic/multiprocessing/api.py", line 85, in _terminate_process_handler
    raise SignalException(f"Process {os.getpid()} got signal: {sigval}", sigval=sigval)
torch.distributed.elastic.multiprocessing.api.SignalException: Process 14466 got signal: 15

During handling of the above exception, another exception occurred:

Traceback (most recent call last):
  File "<frozen runpy>", line 198, in _run_module_as_main
  File "<frozen runpy>", line 88, in _run_code
  File "/opt/homebrew/Caskroom/miniforge/base/lib/python3.12/site-packages/torch/distributed/run.py", line 940, in <module>
    main()
  File "/opt/homebrew/Caskroom/miniforge/base/lib/python3.12/site-packages/torch/distributed/elastic/multiprocessing/errors/__init__.py", line 357, in wrapper
    return f(*args, **kwargs)
           ^^^^^^^^^^^^^^^^^^
  File "/opt/homebrew/Caskroom/miniforge/base/lib/python3.12/site-packages/torch/distributed/run.py", line 936, in main
    run(args)
  File "/opt/homebrew/Caskroom/miniforge/base/lib/python3.12/site-packages/torch/distributed/run.py", line 927, in run
    elastic_launch(
  File "/opt/homebrew/Caskroom/miniforge/base/lib/python3.12/site-packages/torch/distributed/launcher/api.py", line 156, in __call__
    return launch_agent(self._config, self._entrypoint, list(args))
           ^^^^^^^^^^^^^^^^^^^^^^^^^^^^^^^^^^^^^^^^^^^^^^^^^^^^^^^^
  File "/opt/homebrew/Caskroom/miniforge/base/lib/python3.12/site-packages/torch/distributed/launcher/api.py", line 284, in launch_agent
    result = agent.run()
             ^^^^^^^^^^^
  File "/opt/homebrew/Caskroom/miniforge/base/lib/python3.12/site-packages/torch/distributed/elastic/metrics/api.py", line 138, in wrapper
    result = f(*args, **kwargs)
             ^^^^^^^^^^^^^^^^^^
  File "/opt/homebrew/Caskroom/miniforge/base/lib/python3.12/site-packages/torch/distributed/elastic/agent/server/api.py", line 731, in run
    self._shutdown()
  File "/opt/homebrew/Caskroom/miniforge/base/lib/python3.12/site-packages/torch/distributed/elastic/agent/server/local_elastic_agent.py", line 369, in _shutdown
    self._pcontext.close(death_sig)
  File "/opt/homebrew/Caskroom/miniforge/base/lib/python3.12/site-packages/torch/distributed/elastic/multiprocessing/api.py", line 578, in close
    self._close(death_sig=death_sig, timeout=timeout)
  File "/opt/homebrew/Caskroom/miniforge/base/lib/python3.12/site-packages/torch/distributed/elastic/multiprocessing/api.py", line 913, in _close
    handler.close(death_sig=death_sig)
  File "/opt/homebrew/Caskroom/miniforge/base/lib/python3.12/site-packages/torch/distributed/elastic/multiprocessing/subprocess_handler/subprocess_handler.py", line 87, in close
    os.killpg(self.proc.pid, death_sig)
PermissionError: [Errno 1] Operation not permitted
