test_hf_trainer_transaction_restores_mixed_module_modes (tests.test_mini_lab_torch.TorchAcceptanceTests.test_hf_trainer_transaction_restores_mixed_module_modes) ... FAIL

======================================================================
FAIL: test_hf_trainer_transaction_restores_mixed_module_modes (tests.test_mini_lab_torch.TorchAcceptanceTests.test_hf_trainer_transaction_restores_mixed_module_modes)
----------------------------------------------------------------------
Traceback (most recent call last):
  File "/opt/homebrew/Caskroom/miniforge/base/lib/python3.12/asyncio/runners.py", line 118, in run
    return self._loop.run_until_complete(task)
           ^^^^^^^^^^^^^^^^^^^^^^^^^^^^^^^^^^^
  File "/opt/homebrew/Caskroom/miniforge/base/lib/python3.12/asyncio/base_events.py", line 691, in run_until_complete
    return future.result()
           ^^^^^^^^^^^^^^^
  File "/private/var/folders/x1/pn5c5vhd13512v4t0r5sxnvw0000gn/T/tmp.5r4vGVZdST/baseline/tests/test_mini_lab_torch.py", line 250, in test_hf_trainer_transaction_restores_mixed_module_modes
    self.assertEqual(failures, [])
AssertionError: Lists differ: ['per-module modes', 'subsequent dropout forward'] != []

First list contains 2 additional elements.
First extra element 0:
'per-module modes'

- ['per-module modes', 'subsequent dropout forward']
+ []

----------------------------------------------------------------------
Ran 1 test in 0.041s

FAILED (failures=1)
